// Jest Snapshot v1, https://goo.gl/fbAQLP

exports[`Renderização componente 1`] = `
Object {
  "asFragment": [Function],
  "baseElement": <body>
    <div>
      <div
        class="container"
      >
        <div
          class="row"
        >
          <div
            class="col"
          >
            <div
              style="height: 100px;"
            />
          </div>
        </div>
        <div
          class="justify-content-md-center row"
        >
          <div
            class="col-md-4"
          >
            <center>
              <h2>
                Login
              </h2>
            </center>
          </div>
        </div>
        <div
          class="row"
        >
          <div
            class="col"
          >
            <div
              style="height: 20px;"
            />
          </div>
        </div>
        <form
          class=""
        >
          <div
            class="justify-content-md-center row"
          >
            <div
              class="col-md-6"
            >
              <div
                class="mb-3"
              >
                <div
                  class="mb-3 form-floating"
                >
                  <input
                    class="form-control"
                    maxlength="15"
                    placeholder="Informe o usuário"
                    type="text"
                    value=""
                  />
                  <label>
                    Usuário
                  </label>
                </div>
              </div>
            </div>
          </div>
          <div
            class="justify-content-md-center row"
          >
            <div
              class="col-md-6"
            >
              <div
                class="mb-3"
              >
                <div
                  class="mb-3 form-floating"
                >
                  <input
                    class="form-control"
                    maxlength="8"
                    placeholder="Informe a senha"
                    type="password"
                    value=""
                  />
                  <label>
                    Senha
                  </label>
                </div>
              </div>
            </div>
          </div>
          <div
            class="justify-content-md-center row"
          >
            <div
              class="align-self-end col-md-6"
            >
              <div
                class="mb-3"
              >
                <a
                  class="link-primary"
                  href="/trocaSenhaColaborador"
                >
                  Trocar a senha
                </a>
              </div>
            </div>
          </div>
          <div
            class="justify-content-md-center row"
          >
            <div
              class="col-md-6"
            >
              <div
                class="mb-3"
              >
                <div
                  class="d-grid gap-2"
                >
                  <button
                    class="btn btn-primary btn-lg"
                    type="button"
                  >
                    Login
                  </button>
                </div>
              </div>
            </div>
          </div>
        </form>
      </div>
    </div>
  </body>,
  "container": <div>
    <div
      class="container"
    >
      <div
        class="row"
      >
        <div
          class="col"
        >
          <div
            style="height: 100px;"
          />
        </div>
      </div>
      <div
        class="justify-content-md-center row"
      >
        <div
          class="col-md-4"
        >
          <center>
            <h2>
              Login
            </h2>
          </center>
        </div>
      </div>
      <div
        class="row"
      >
        <div
          class="col"
        >
          <div
            style="height: 20px;"
          />
        </div>
      </div>
      <form
        class=""
      >
        <div
          class="justify-content-md-center row"
        >
          <div
            class="col-md-6"
          >
            <div
              class="mb-3"
            >
              <div
                class="mb-3 form-floating"
              >
                <input
                  class="form-control"
                  maxlength="15"
                  placeholder="Informe o usuário"
                  type="text"
                  value=""
                />
                <label>
                  Usuário
                </label>
              </div>
            </div>
          </div>
        </div>
        <div
          class="justify-content-md-center row"
        >
          <div
            class="col-md-6"
          >
            <div
              class="mb-3"
            >
              <div
                class="mb-3 form-floating"
              >
                <input
                  class="form-control"
                  maxlength="8"
                  placeholder="Informe a senha"
                  type="password"
                  value=""
                />
                <label>
                  Senha
                </label>
              </div>
            </div>
          </div>
        </div>
        <div
          class="justify-content-md-center row"
        >
          <div
            class="align-self-end col-md-6"
          >
            <div
              class="mb-3"
            >
              <a
                class="link-primary"
                href="/trocaSenhaColaborador"
              >
                Trocar a senha
              </a>
            </div>
          </div>
        </div>
        <div
          class="justify-content-md-center row"
        >
          <div
            class="col-md-6"
          >
            <div
              class="mb-3"
            >
              <div
                class="d-grid gap-2"
              >
                <button
                  class="btn btn-primary btn-lg"
                  type="button"
                >
                  Login
                </button>
              </div>
            </div>
          </div>
        </div>
      </form>
    </div>
  </div>,
  "debug": [Function],
  "findAllByAltText": [Function],
  "findAllByDisplayValue": [Function],
  "findAllByLabelText": [Function],
  "findAllByPlaceholderText": [Function],
  "findAllByRole": [Function],
  "findAllByTestId": [Function],
  "findAllByText": [Function],
  "findAllByTitle": [Function],
  "findByAltText": [Function],
  "findByDisplayValue": [Function],
  "findByLabelText": [Function],
  "findByPlaceholderText": [Function],
  "findByRole": [Function],
  "findByTestId": [Function],
  "findByText": [Function],
  "findByTitle": [Function],
  "getAllByAltText": [Function],
  "getAllByDisplayValue": [Function],
  "getAllByLabelText": [Function],
  "getAllByPlaceholderText": [Function],
  "getAllByRole": [Function],
  "getAllByTestId": [Function],
  "getAllByText": [Function],
  "getAllByTitle": [Function],
  "getByAltText": [Function],
  "getByDisplayValue": [Function],
  "getByLabelText": [Function],
  "getByPlaceholderText": [Function],
  "getByRole": [Function],
  "getByTestId": [Function],
  "getByText": [Function],
  "getByTitle": [Function],
  "queryAllByAltText": [Function],
  "queryAllByDisplayValue": [Function],
  "queryAllByLabelText": [Function],
  "queryAllByPlaceholderText": [Function],
  "queryAllByRole": [Function],
  "queryAllByTestId": [Function],
  "queryAllByText": [Function],
  "queryAllByTitle": [Function],
  "queryByAltText": [Function],
  "queryByDisplayValue": [Function],
  "queryByLabelText": [Function],
  "queryByPlaceholderText": [Function],
  "queryByRole": [Function],
  "queryByTestId": [Function],
  "queryByText": [Function],
  "queryByTitle": [Function],
  "rerender": [Function],
  "store": Object {
    "@@observable": [Function],
    "dispatch": [Function],
    "getState": [Function],
    "replaceReducer": [Function],
    "subscribe": [Function],
  },
  "unmount": [Function],
}
`;
