// Jest Snapshot v1, https://goo.gl/fbAQLP

exports[`Renderização componente 1`] = `undefined`;
