// Jest Snapshot v1, https://goo.gl/fbAQLP

exports[`Renderização componente 1`] = `
Object {
  "asFragment": [Function],
  "baseElement": <body>
    <div>
      <div
        class="container"
      >
        <br />
        <div
          class="row"
        >
          <div
            class="col-md-3"
          >
            <div
              class="mb-3"
            >
              <input
                class="form-control"
                maxlength="5"
                placeholder="Informe o horário"
                type="text"
                value=""
              />
            </div>
          </div>
          <div
            class="col-md-1"
          >
            <button
              class="btn btn-primary"
              type="button"
            >
              Incluir
            </button>
          </div>
        </div>
        <br />
        <div
          class="row"
        >
          <div
            class="col-md-12"
          >
            <div>
              <div>
                <label
                  class="search-label"
                  for="search-bar-0"
                >
                  <span
                    class="sr-only"
                    id="search-bar-0-label"
                  >
                    Filtre os resultados
                  </span>
                  <input
                    aria-labelledby="search-bar-0-label"
                    class="form-control "
                    id="search-bar-0"
                    placeholder="Informe o critério"
                    type="text"
                    value=""
                  />
                </label>
                <br />
                <div
                  class="react-bootstrap-table"
                >
                  <table
                    class="table table-striped table-hover table-bordered react-bootstrap-table"
                  >
                    <thead>
                      <tr>
                        <th
                          aria-label="# sort asc"
                          class="sortable"
                          style="width: 80px;"
                          tabindex="0"
                        >
                          #
                          <span
                            class="react-bootstrap-table-sort-order dropup"
                          >
                            <span
                              class="caret"
                            />
                          </span>
                        </th>
                        <th
                          aria-label="Horário sortable"
                          class="sortable"
                          tabindex="0"
                        >
                          Horário
                          <span
                            class="order"
                          >
                            <span
                              class="dropdown"
                            >
                              <span
                                class="caret"
                              />
                            </span>
                            <span
                              class="dropup"
                            >
                              <span
                                class="caret"
                              />
                            </span>
                          </span>
                        </th>
                        <th
                          aria-label="Ativação sortable"
                          class="sortable"
                          tabindex="0"
                        >
                          Ativação
                          <span
                            class="order"
                          >
                            <span
                              class="dropdown"
                            >
                              <span
                                class="caret"
                              />
                            </span>
                            <span
                              class="dropup"
                            >
                              <span
                                class="caret"
                              />
                            </span>
                          </span>
                        </th>
                      </tr>
                    </thead>
                  </table>
                </div>
                <div
                  class="row react-bootstrap-table-pagination"
                >
                  <div
                    class="col-md-6 col-xs-6 col-sm-6 col-lg-6"
                  >
                    <span
                      class="react-bs-table-sizePerPage-dropdown dropdown"
                      style="visibility: visible;"
                    >
                      <button
                        aria-expanded="false"
                        class="btn btn-default btn-secondary dropdown-toggle"
                        data-toggle="dropdown"
                        id="pageDropDown"
                        type="button"
                      >
                        10
                         
                        <span>
                          <span
                            class="caret"
                          />
                        </span>
                      </button>
                      <ul
                        aria-labelledby="pageDropDown"
                        class="dropdown-menu "
                        role="menu"
                      >
                        <li
                          class="dropdown-item"
                          role="presentation"
                        >
                          <a
                            data-page="10"
                            href="#"
                            role="menuitem"
                            tabindex="-1"
                          >
                            10
                          </a>
                        </li>
                        <li
                          class="dropdown-item"
                          role="presentation"
                        >
                          <a
                            data-page="25"
                            href="#"
                            role="menuitem"
                            tabindex="-1"
                          >
                            25
                          </a>
                        </li>
                        <li
                          class="dropdown-item"
                          role="presentation"
                        >
                          <a
                            data-page="30"
                            href="#"
                            role="menuitem"
                            tabindex="-1"
                          >
                            30
                          </a>
                        </li>
                        <li
                          class="dropdown-item"
                          role="presentation"
                        >
                          <a
                            data-page="50"
                            href="#"
                            role="menuitem"
                            tabindex="-1"
                          >
                            50
                          </a>
                        </li>
                      </ul>
                    </span>
                     Exibindo registros 0 até 0 de 0
                  </div>
                  <div
                    class="react-bootstrap-table-pagination-list col-md-6 col-xs-6 col-sm-6 col-lg-6"
                  >
                    <ul
                      class="pagination react-bootstrap-table-page-btns-ul"
                    />
                  </div>
                </div>
                <div
                  class="d-flex justify-content-end"
                >
                  <div>
                    <button
                      class="btn btn-primary"
                      type="button"
                    >
                      Exportar para CSV
                    </button>
                  </div>
                </div>
              </div>
            </div>
          </div>
        </div>
      </div>
    </div>
  </body>,
  "container": <div>
    <div
      class="container"
    >
      <br />
      <div
        class="row"
      >
        <div
          class="col-md-3"
        >
          <div
            class="mb-3"
          >
            <input
              class="form-control"
              maxlength="5"
              placeholder="Informe o horário"
              type="text"
              value=""
            />
          </div>
        </div>
        <div
          class="col-md-1"
        >
          <button
            class="btn btn-primary"
            type="button"
          >
            Incluir
          </button>
        </div>
      </div>
      <br />
      <div
        class="row"
      >
        <div
          class="col-md-12"
        >
          <div>
            <div>
              <label
                class="search-label"
                for="search-bar-0"
              >
                <span
                  class="sr-only"
                  id="search-bar-0-label"
                >
                  Filtre os resultados
                </span>
                <input
                  aria-labelledby="search-bar-0-label"
                  class="form-control "
                  id="search-bar-0"
                  placeholder="Informe o critério"
                  type="text"
                  value=""
                />
              </label>
              <br />
              <div
                class="react-bootstrap-table"
              >
                <table
                  class="table table-striped table-hover table-bordered react-bootstrap-table"
                >
                  <thead>
                    <tr>
                      <th
                        aria-label="# sort asc"
                        class="sortable"
                        style="width: 80px;"
                        tabindex="0"
                      >
                        #
                        <span
                          class="react-bootstrap-table-sort-order dropup"
                        >
                          <span
                            class="caret"
                          />
                        </span>
                      </th>
                      <th
                        aria-label="Horário sortable"
                        class="sortable"
                        tabindex="0"
                      >
                        Horário
                        <span
                          class="order"
                        >
                          <span
                            class="dropdown"
                          >
                            <span
                              class="caret"
                            />
                          </span>
                          <span
                            class="dropup"
                          >
                            <span
                              class="caret"
                            />
                          </span>
                        </span>
                      </th>
                      <th
                        aria-label="Ativação sortable"
                        class="sortable"
                        tabindex="0"
                      >
                        Ativação
                        <span
                          class="order"
                        >
                          <span
                            class="dropdown"
                          >
                            <span
                              class="caret"
                            />
                          </span>
                          <span
                            class="dropup"
                          >
                            <span
                              class="caret"
                            />
                          </span>
                        </span>
                      </th>
                    </tr>
                  </thead>
                </table>
              </div>
              <div
                class="row react-bootstrap-table-pagination"
              >
                <div
                  class="col-md-6 col-xs-6 col-sm-6 col-lg-6"
                >
                  <span
                    class="react-bs-table-sizePerPage-dropdown dropdown"
                    style="visibility: visible;"
                  >
                    <button
                      aria-expanded="false"
                      class="btn btn-default btn-secondary dropdown-toggle"
                      data-toggle="dropdown"
                      id="pageDropDown"
                      type="button"
                    >
                      10
                       
                      <span>
                        <span
                          class="caret"
                        />
                      </span>
                    </button>
                    <ul
                      aria-labelledby="pageDropDown"
                      class="dropdown-menu "
                      role="menu"
                    >
                      <li
                        class="dropdown-item"
                        role="presentation"
                      >
                        <a
                          data-page="10"
                          href="#"
                          role="menuitem"
                          tabindex="-1"
                        >
                          10
                        </a>
                      </li>
                      <li
                        class="dropdown-item"
                        role="presentation"
                      >
                        <a
                          data-page="25"
                          href="#"
                          role="menuitem"
                          tabindex="-1"
                        >
                          25
                        </a>
                      </li>
                      <li
                        class="dropdown-item"
                        role="presentation"
                      >
                        <a
                          data-page="30"
                          href="#"
                          role="menuitem"
                          tabindex="-1"
                        >
                          30
                        </a>
                      </li>
                      <li
                        class="dropdown-item"
                        role="presentation"
                      >
                        <a
                          data-page="50"
                          href="#"
                          role="menuitem"
                          tabindex="-1"
                        >
                          50
                        </a>
                      </li>
                    </ul>
                  </span>
                   Exibindo registros 0 até 0 de 0
                </div>
                <div
                  class="react-bootstrap-table-pagination-list col-md-6 col-xs-6 col-sm-6 col-lg-6"
                >
                  <ul
                    class="pagination react-bootstrap-table-page-btns-ul"
                  />
                </div>
              </div>
              <div
                class="d-flex justify-content-end"
              >
                <div>
                  <button
                    class="btn btn-primary"
                    type="button"
                  >
                    Exportar para CSV
                  </button>
                </div>
              </div>
            </div>
          </div>
        </div>
      </div>
    </div>
  </div>,
  "debug": [Function],
  "findAllByAltText": [Function],
  "findAllByDisplayValue": [Function],
  "findAllByLabelText": [Function],
  "findAllByPlaceholderText": [Function],
  "findAllByRole": [Function],
  "findAllByTestId": [Function],
  "findAllByText": [Function],
  "findAllByTitle": [Function],
  "findByAltText": [Function],
  "findByDisplayValue": [Function],
  "findByLabelText": [Function],
  "findByPlaceholderText": [Function],
  "findByRole": [Function],
  "findByTestId": [Function],
  "findByText": [Function],
  "findByTitle": [Function],
  "getAllByAltText": [Function],
  "getAllByDisplayValue": [Function],
  "getAllByLabelText": [Function],
  "getAllByPlaceholderText": [Function],
  "getAllByRole": [Function],
  "getAllByTestId": [Function],
  "getAllByText": [Function],
  "getAllByTitle": [Function],
  "getByAltText": [Function],
  "getByDisplayValue": [Function],
  "getByLabelText": [Function],
  "getByPlaceholderText": [Function],
  "getByRole": [Function],
  "getByTestId": [Function],
  "getByText": [Function],
  "getByTitle": [Function],
  "queryAllByAltText": [Function],
  "queryAllByDisplayValue": [Function],
  "queryAllByLabelText": [Function],
  "queryAllByPlaceholderText": [Function],
  "queryAllByRole": [Function],
  "queryAllByTestId": [Function],
  "queryAllByText": [Function],
  "queryAllByTitle": [Function],
  "queryByAltText": [Function],
  "queryByDisplayValue": [Function],
  "queryByLabelText": [Function],
  "queryByPlaceholderText": [Function],
  "queryByRole": [Function],
  "queryByTestId": [Function],
  "queryByText": [Function],
  "queryByTitle": [Function],
  "rerender": [Function],
  "store": Object {
    "@@observable": [Function],
    "dispatch": [Function],
    "getState": [Function],
    "replaceReducer": [Function],
    "subscribe": [Function],
  },
  "unmount": [Function],
}
`;
