// Jest Snapshot v1, https://goo.gl/fbAQLP

exports[`Renderização componente 1`] = `
Object {
  "asFragment": [Function],
  "baseElement": <body>
    <div>
      <div>
        <br />
        <div
          class="row"
        >
          <div
            class="col"
          >
            <div
              class="mb-3"
            >
              <input
                class="form-control"
                maxlength="150"
                placeholder="Informe o nome do paciente"
                type="text"
                value=""
              />
            </div>
          </div>
        </div>
        <div
          class="row"
        >
          <div
            class="col-md-4"
          >
            <div
              class="mb-3"
            >
              <input
                class="form-control"
                placeholder="Informe o CPF do paciente"
                value=""
              />
            </div>
          </div>
          <div
            class="col-md-4"
          >
            <div
              class="mb-3"
            >
              <input
                class="form-control"
                placeholder="Informe a data de nascimento"
                type="text"
                value=""
              />
            </div>
          </div>
          <div
            class="col-md-4"
          >
            <div
              class="mb-3"
            >
              <input
                class="form-control"
                placeholder="Informe a telefone"
                type="text"
                value=""
              />
            </div>
          </div>
        </div>
        <div
          class="row"
        >
          <div
            class="col"
          >
            <div
              class="mb-3"
            >
              <input
                class="form-control"
                maxlength="150"
                placeholder="Informe a email"
                type="text"
                value=""
              />
            </div>
          </div>
        </div>
        <div
          class="row"
        >
          <div
            class="col-md-1"
          >
            <button
              class="btn btn-success"
              type="button"
            >
              Salvar
            </button>
          </div>
          <div
            class="col-md-1"
          >
            <button
              class="btn btn-danger"
              type="button"
            >
              Cancelar
            </button>
          </div>
        </div>
      </div>
    </div>
  </body>,
  "container": <div>
    <div>
      <br />
      <div
        class="row"
      >
        <div
          class="col"
        >
          <div
            class="mb-3"
          >
            <input
              class="form-control"
              maxlength="150"
              placeholder="Informe o nome do paciente"
              type="text"
              value=""
            />
          </div>
        </div>
      </div>
      <div
        class="row"
      >
        <div
          class="col-md-4"
        >
          <div
            class="mb-3"
          >
            <input
              class="form-control"
              placeholder="Informe o CPF do paciente"
              value=""
            />
          </div>
        </div>
        <div
          class="col-md-4"
        >
          <div
            class="mb-3"
          >
            <input
              class="form-control"
              placeholder="Informe a data de nascimento"
              type="text"
              value=""
            />
          </div>
        </div>
        <div
          class="col-md-4"
        >
          <div
            class="mb-3"
          >
            <input
              class="form-control"
              placeholder="Informe a telefone"
              type="text"
              value=""
            />
          </div>
        </div>
      </div>
      <div
        class="row"
      >
        <div
          class="col"
        >
          <div
            class="mb-3"
          >
            <input
              class="form-control"
              maxlength="150"
              placeholder="Informe a email"
              type="text"
              value=""
            />
          </div>
        </div>
      </div>
      <div
        class="row"
      >
        <div
          class="col-md-1"
        >
          <button
            class="btn btn-success"
            type="button"
          >
            Salvar
          </button>
        </div>
        <div
          class="col-md-1"
        >
          <button
            class="btn btn-danger"
            type="button"
          >
            Cancelar
          </button>
        </div>
      </div>
    </div>
  </div>,
  "debug": [Function],
  "findAllByAltText": [Function],
  "findAllByDisplayValue": [Function],
  "findAllByLabelText": [Function],
  "findAllByPlaceholderText": [Function],
  "findAllByRole": [Function],
  "findAllByTestId": [Function],
  "findAllByText": [Function],
  "findAllByTitle": [Function],
  "findByAltText": [Function],
  "findByDisplayValue": [Function],
  "findByLabelText": [Function],
  "findByPlaceholderText": [Function],
  "findByRole": [Function],
  "findByTestId": [Function],
  "findByText": [Function],
  "findByTitle": [Function],
  "getAllByAltText": [Function],
  "getAllByDisplayValue": [Function],
  "getAllByLabelText": [Function],
  "getAllByPlaceholderText": [Function],
  "getAllByRole": [Function],
  "getAllByTestId": [Function],
  "getAllByText": [Function],
  "getAllByTitle": [Function],
  "getByAltText": [Function],
  "getByDisplayValue": [Function],
  "getByLabelText": [Function],
  "getByPlaceholderText": [Function],
  "getByRole": [Function],
  "getByTestId": [Function],
  "getByText": [Function],
  "getByTitle": [Function],
  "queryAllByAltText": [Function],
  "queryAllByDisplayValue": [Function],
  "queryAllByLabelText": [Function],
  "queryAllByPlaceholderText": [Function],
  "queryAllByRole": [Function],
  "queryAllByTestId": [Function],
  "queryAllByText": [Function],
  "queryAllByTitle": [Function],
  "queryByAltText": [Function],
  "queryByDisplayValue": [Function],
  "queryByLabelText": [Function],
  "queryByPlaceholderText": [Function],
  "queryByRole": [Function],
  "queryByTestId": [Function],
  "queryByText": [Function],
  "queryByTitle": [Function],
  "rerender": [Function],
  "store": Object {
    "@@observable": [Function],
    "dispatch": [Function],
    "getState": [Function],
    "replaceReducer": [Function],
    "subscribe": [Function],
  },
  "unmount": [Function],
}
`;
